// Jest Snapshot v1, https://goo.gl/fbAQLP

exports[`Home renders and matches the snapshot 1`] = `
<React.Fragment>
  <header>
    <img
      alt="logo"
      src="logo.svg"
    />
    <h1>
      Welcome to R3CSS
    </h1>
  </header>
  <p>
    this is the home content
  </p>
</React.Fragment>
`;
